C:\Users\aleja\Documents\MCUXpressoIDE_11.10.0_3148\workspace\AHT10_RTC_JUNTOS_USART\CMSIS/core_cm0plus.h:741:22:__NVIC_EnableIRQ	16	static
C:\Users\aleja\Documents\MCUXpressoIDE_11.10.0_3148\workspace\AHT10_RTC_JUNTOS_USART\drivers/fsl_clock.h:558:20:CLOCK_EnableClock	16	static
C:\Users\aleja\Documents\MCUXpressoIDE_11.10.0_3148\workspace\AHT10_RTC_JUNTOS_USART\drivers/fsl_clock.h:569:20:CLOCK_DisableClock	16	static
C:\Users\aleja\Documents\MCUXpressoIDE_11.10.0_3148\workspace\AHT10_RTC_JUNTOS_USART\drivers/fsl_clock.h:580:20:CLOCK_Select	16	static
C:\Users\aleja\Documents\MCUXpressoIDE_11.10.0_3148\workspace\AHT10_RTC_JUNTOS_USART\drivers/fsl_i2c.h:620:24:I2C_MasterRepeatedStart	16	static
C:\Users\aleja\Documents\MCUXpressoIDE_11.10.0_3148\workspace\AHT10_RTC_JUNTOS_USART\drivers/fsl_usart.h:415:20:USART_EnableInterrupts	16	static
../source/AHT10_RTC_JUNTOS_USART.c:60:5:main	64	static
../source/AHT10_RTC_JUNTOS_USART.c:100:6:SysTick_Init	16	static
../source/AHT10_RTC_JUNTOS_USART.c:106:6:SysTick_Handler	8	static
../source/AHT10_RTC_JUNTOS_USART.c:110:6:delay_ms	16	static
../source/AHT10_RTC_JUNTOS_USART.c:118:6:initI2C	24	static
../source/AHT10_RTC_JUNTOS_USART.c:135:6:Init_UART	24	static
../source/AHT10_RTC_JUNTOS_USART.c:156:6:Send_USART	24	static
../source/AHT10_RTC_JUNTOS_USART.c:164:11:Measure_AHT10	56	static
../source/AHT10_RTC_JUNTOS_USART.c:195:9:DecToBCD	24	static
../source/AHT10_RTC_JUNTOS_USART.c:199:9:BCDToDec	16	static
../source/AHT10_RTC_JUNTOS_USART.c:206:10:DS1307_WriteRegister	24	static
../source/AHT10_RTC_JUNTOS_USART.c:233:10:DS1307_ReadRegisters	40	static
../source/AHT10_RTC_JUNTOS_USART.c:251:10:DS1307_SetTime	32	static
../source/AHT10_RTC_JUNTOS_USART.c:269:10:DS1307_GetTime	40	static
../source/AHT10_RTC_JUNTOS_USART.c:286:6:setCurrentTime	48	static
../source/AHT10_RTC_JUNTOS_USART.c:358:10:DS1307_SetDate	32	static
../source/AHT10_RTC_JUNTOS_USART.c:377:10:DS1307_GetDate	40	static
